Copyright 1986-2016 Xilinx, Inc. All Rights Reserved.
----------------------------------------------------------------------------------------------
| Tool Version : Vivado v.2016.4 (win64) Build 1733598 Wed Dec 14 22:35:39 MST 2016
| Date         : Sat Jan 28 17:17:56 2017
| Host         : DESKTOP-OVL59AB running 64-bit major release  (build 9200)
| Command      : report_control_sets -verbose -file ug1165_bd_wrapper_control_sets_placed.rpt
| Design       : ug1165_bd_wrapper
| Device       : xc7z020
----------------------------------------------------------------------------------------------

Control Set Information

Table of Contents
-----------------
1. Summary
2. Flip-Flop Distribution
3. Detailed Control Set Information

1. Summary
----------

+----------------------------------------------------------+-------+
|                          Status                          | Count |
+----------------------------------------------------------+-------+
| Number of unique control sets                            |    52 |
| Unused register locations in slices containing registers |    82 |
+----------------------------------------------------------+-------+


2. Flip-Flop Distribution
-------------------------

+--------------+-----------------------+------------------------+-----------------+--------------+
| Clock Enable | Synchronous Set/Reset | Asynchronous Set/Reset | Total Registers | Total Slices |
+--------------+-----------------------+------------------------+-----------------+--------------+
| No           | No                    | No                     |             126 |           41 |
| No           | No                    | Yes                    |               0 |            0 |
| No           | Yes                   | No                     |             142 |           45 |
| Yes          | No                    | No                     |             429 |           96 |
| Yes          | No                    | Yes                    |               0 |            0 |
| Yes          | Yes                   | No                     |             229 |           48 |
+--------------+-----------------------+------------------------+-----------------+--------------+


3. Detailed Control Set Information
-----------------------------------

+--------------------------------------------------+----------------------------------------------------------------------------------------------------------------------------------------------------------------+-------------------------------------------------------------------------------------------------------------------------------------------+------------------+----------------+
|                   Clock Signal                   |                                                                          Enable Signal                                                                         |                                                              Set/Reset Signal                                                             | Slice Load Count | Bel Load Count |
+--------------------------------------------------+----------------------------------------------------------------------------------------------------------------------------------------------------------------+-------------------------------------------------------------------------------------------------------------------------------------------+------------------+----------------+
|  ug1165_bd_i/processing_system7_0/inst/FCLK_CLK0 | ug1165_bd_i/ps7_0_axi_periph/s00_couplers/auto_pc/inst/gen_axilite.gen_b2s_conv.axilite_b2s/WR.b_channel_0/bid_fifo_0/bresp_push                               |                                                                                                                                           |                1 |              2 |
|  ug1165_bd_i/processing_system7_0/inst/FCLK_CLK0 |                                                                                                                                                                | ug1165_bd_i/ps7_0_axi_periph/s00_couplers/auto_pc/inst/gen_axilite.gen_b2s_conv.axilite_b2s/SI_REG/ar_pipe/m_valid_i_reg_0                |                2 |              4 |
|  ug1165_bd_i/processing_system7_0/inst/FCLK_CLK0 |                                                                                                                                                                | ug1165_bd_i/Blink_0/inst/Blink_v1_0_S_AXI_INTR_inst/gen_intr_reg[0].reg_intr_sts[0]_i_1_n_0                                               |                1 |              4 |
|  ug1165_bd_i/processing_system7_0/inst/FCLK_CLK0 | ug1165_bd_i/ps7_0_axi_periph/s00_couplers/auto_pc/inst/gen_axilite.gen_b2s_conv.axilite_b2s/WR.aw_channel_0/aw_cmd_fsm_0/E[0]                                  | ug1165_bd_i/ps7_0_axi_periph/s00_couplers/auto_pc/inst/gen_axilite.gen_b2s_conv.axilite_b2s/WR.aw_channel_0/aw_cmd_fsm_0/axlen_cnt_reg[7] |                2 |              4 |
|  ug1165_bd_i/processing_system7_0/inst/FCLK_CLK0 | ug1165_bd_i/ps7_0_axi_periph/s00_couplers/auto_pc/inst/gen_axilite.gen_b2s_conv.axilite_b2s/RD.ar_channel_0/ar_cmd_fsm_0/axlen_cnt_reg[3][0]                   | ug1165_bd_i/ps7_0_axi_periph/s00_couplers/auto_pc/inst/gen_axilite.gen_b2s_conv.axilite_b2s/RD.ar_channel_0/ar_cmd_fsm_0/axlen_cnt_reg[7] |                1 |              4 |
|  ug1165_bd_i/processing_system7_0/inst/FCLK_CLK0 |                                                                                                                                                                | ug1165_bd_i/ps7_0_axi_periph/s00_couplers/auto_pc/inst/gen_axilite.gen_b2s_conv.axilite_b2s/SI_REG/aw_pipe/s_ready_i_reg_0                |                3 |              4 |
|  ug1165_bd_i/processing_system7_0/inst/FCLK_CLK0 |                                                                                                                                                                | ug1165_bd_i/rst_ps7_0_100M/U0/EXT_LPF/lpf_int                                                                                             |                2 |              5 |
|  ug1165_bd_i/processing_system7_0/inst/FCLK_CLK0 | ug1165_bd_i/rst_ps7_0_100M/U0/SEQ/seq_cnt_en                                                                                                                   | ug1165_bd_i/rst_ps7_0_100M/U0/SEQ/SEQ_COUNTER/clear                                                                                       |                2 |              6 |
|  ug1165_bd_i/processing_system7_0/inst/FCLK_CLK0 | ug1165_bd_i/Blink_0/inst/Blink_v1_0_S00_AXI_inst/p_1_in[0]                                                                                                     | ug1165_bd_i/Blink_0/inst/Blink_v1_0_S00_AXI_inst/clear                                                                                    |                1 |              8 |
|  ug1165_bd_i/processing_system7_0/inst/FCLK_CLK0 | ug1165_bd_i/ps7_0_axi_periph/s00_couplers/auto_pc/inst/gen_axilite.gen_b2s_conv.axilite_b2s/WR.b_channel_0/mhandshake_r                                        | ug1165_bd_i/ps7_0_axi_periph/s00_couplers/auto_pc/inst/gen_axilite.gen_b2s_conv.axilite_b2s/WR.b_channel_0/bid_fifo_0/SR[0]               |                2 |              8 |
|  ug1165_bd_i/processing_system7_0/inst/FCLK_CLK0 | ug1165_bd_i/ps7_0_axi_periph/s00_couplers/auto_pc/inst/gen_axilite.gen_b2s_conv.axilite_b2s/WR.aw_channel_0/aw_cmd_fsm_0/wrap_boundary_axaddr_r_reg[0][0]      |                                                                                                                                           |                5 |              8 |
|  ug1165_bd_i/processing_system7_0/inst/FCLK_CLK0 | ug1165_bd_i/Blink_0/inst/Blink_v1_0_S00_AXI_inst/slv_reg2[15]_i_1_n_0                                                                                          | ug1165_bd_i/Blink_0/inst/Blink_v1_0_S00_AXI_inst/clear                                                                                    |                1 |              8 |
|  ug1165_bd_i/processing_system7_0/inst/FCLK_CLK0 | ug1165_bd_i/ps7_0_axi_periph/s00_couplers/auto_pc/inst/gen_axilite.gen_b2s_conv.axilite_b2s/WR.aw_channel_0/cmd_translator_0/incr_cmd_0/axaddr_incr[0]_i_1_n_0 |                                                                                                                                           |                2 |              8 |
|  ug1165_bd_i/processing_system7_0/inst/FCLK_CLK0 | ug1165_bd_i/ps7_0_axi_periph/s00_couplers/auto_pc/inst/gen_axilite.gen_b2s_conv.axilite_b2s/RD.ar_channel_0/ar_cmd_fsm_0/axaddr_incr_reg[11]                   |                                                                                                                                           |                2 |              8 |
|  ug1165_bd_i/processing_system7_0/inst/FCLK_CLK0 | ug1165_bd_i/Blink_0/inst/Blink_v1_0_S00_AXI_inst/slv_reg1[31]_i_1_n_0                                                                                          | ug1165_bd_i/Blink_0/inst/Blink_v1_0_S00_AXI_inst/clear                                                                                    |                1 |              8 |
|  ug1165_bd_i/processing_system7_0/inst/FCLK_CLK0 | ug1165_bd_i/Blink_0/inst/Blink_v1_0_S00_AXI_inst/slv_reg2[23]_i_1_n_0                                                                                          | ug1165_bd_i/Blink_0/inst/Blink_v1_0_S00_AXI_inst/clear                                                                                    |                1 |              8 |
|  ug1165_bd_i/processing_system7_0/inst/FCLK_CLK0 | ug1165_bd_i/Blink_0/inst/Blink_v1_0_S00_AXI_inst/slv_reg1[23]_i_1_n_0                                                                                          | ug1165_bd_i/Blink_0/inst/Blink_v1_0_S00_AXI_inst/clear                                                                                    |                1 |              8 |
|  ug1165_bd_i/processing_system7_0/inst/FCLK_CLK0 | ug1165_bd_i/Blink_0/inst/Blink_v1_0_S00_AXI_inst/slv_reg2[31]_i_1_n_0                                                                                          | ug1165_bd_i/Blink_0/inst/Blink_v1_0_S00_AXI_inst/clear                                                                                    |                1 |              8 |
|  ug1165_bd_i/processing_system7_0/inst/FCLK_CLK0 | ug1165_bd_i/Blink_0/inst/Blink_v1_0_S00_AXI_inst/slv_reg1[15]_i_1_n_0                                                                                          | ug1165_bd_i/Blink_0/inst/Blink_v1_0_S00_AXI_inst/clear                                                                                    |                2 |              8 |
|  ug1165_bd_i/processing_system7_0/inst/FCLK_CLK0 | ug1165_bd_i/Blink_0/inst/Blink_v1_0_S00_AXI_inst/slv_reg3[15]_i_1_n_0                                                                                          | ug1165_bd_i/Blink_0/inst/Blink_v1_0_S00_AXI_inst/clear                                                                                    |                1 |              8 |
|  ug1165_bd_i/processing_system7_0/inst/FCLK_CLK0 | ug1165_bd_i/Blink_0/inst/Blink_v1_0_S00_AXI_inst/slv_reg3[23]_i_1_n_0                                                                                          | ug1165_bd_i/Blink_0/inst/Blink_v1_0_S00_AXI_inst/clear                                                                                    |                1 |              8 |
|  ug1165_bd_i/processing_system7_0/inst/FCLK_CLK0 | ug1165_bd_i/Blink_0/inst/Blink_v1_0_S00_AXI_inst/slv_reg3[31]_i_1_n_0                                                                                          | ug1165_bd_i/Blink_0/inst/Blink_v1_0_S00_AXI_inst/clear                                                                                    |                1 |              8 |
|  ug1165_bd_i/processing_system7_0/inst/FCLK_CLK0 | ug1165_bd_i/Blink_0/inst/Blink_v1_0_S00_AXI_inst/p_1_in[24]                                                                                                    | ug1165_bd_i/Blink_0/inst/Blink_v1_0_S00_AXI_inst/clear                                                                                    |                1 |              8 |
|  ug1165_bd_i/processing_system7_0/inst/FCLK_CLK0 | ug1165_bd_i/Blink_0/inst/Blink_v1_0_S00_AXI_inst/p_1_in[16]                                                                                                    | ug1165_bd_i/Blink_0/inst/Blink_v1_0_S00_AXI_inst/clear                                                                                    |                1 |              8 |
|  ug1165_bd_i/processing_system7_0/inst/FCLK_CLK0 | ug1165_bd_i/Blink_0/inst/Blink_v1_0_S00_AXI_inst/p_1_in[8]                                                                                                     | ug1165_bd_i/Blink_0/inst/Blink_v1_0_S00_AXI_inst/clear                                                                                    |                2 |              8 |
|  ug1165_bd_i/processing_system7_0/inst/FCLK_CLK0 | ug1165_bd_i/Blink_0/inst/Blink_v1_0_S00_AXI_inst/slv_reg1[7]_i_1_n_0                                                                                           | ug1165_bd_i/Blink_0/inst/Blink_v1_0_S00_AXI_inst/clear                                                                                    |                1 |              8 |
|  ug1165_bd_i/processing_system7_0/inst/FCLK_CLK0 | ug1165_bd_i/Blink_0/inst/Blink_v1_0_S00_AXI_inst/slv_reg3[7]_i_1_n_0                                                                                           | ug1165_bd_i/Blink_0/inst/Blink_v1_0_S00_AXI_inst/clear                                                                                    |                1 |              8 |
|  ug1165_bd_i/processing_system7_0/inst/FCLK_CLK0 | ug1165_bd_i/Blink_0/inst/Blink_v1_0_S00_AXI_inst/slv_reg2[7]_i_1_n_0                                                                                           | ug1165_bd_i/Blink_0/inst/Blink_v1_0_S00_AXI_inst/clear                                                                                    |                1 |              8 |
|  ug1165_bd_i/processing_system7_0/inst/FCLK_CLK0 | ug1165_bd_i/ps7_0_axi_periph/s00_couplers/auto_pc/inst/gen_axilite.gen_b2s_conv.axilite_b2s/RD.ar_channel_0/ar_cmd_fsm_0/E[0]                                  |                                                                                                                                           |                4 |              8 |
|  ug1165_bd_i/processing_system7_0/inst/FCLK_CLK0 |                                                                                                                                                                | ug1165_bd_i/Blink_0/inst/Blink_v1_0_S00_AXI_inst/clear                                                                                    |                4 |              9 |
|  ug1165_bd_i/processing_system7_0/inst/FCLK_CLK0 |                                                                                                                                                                | ug1165_bd_i/ps7_0_axi_periph/xbar/inst/gen_sasd.crossbar_sasd_0/addr_arbiter_inst/SR[0]                                                   |                3 |             11 |
|  ug1165_bd_i/processing_system7_0/inst/FCLK_CLK0 | ug1165_bd_i/ps7_0_axi_periph/s00_couplers/auto_pc/inst/gen_axilite.gen_b2s_conv.axilite_b2s/RD.r_channel_0/r_push_r                                            |                                                                                                                                           |                4 |             13 |
|  ug1165_bd_i/processing_system7_0/inst/FCLK_CLK0 | ug1165_bd_i/ps7_0_axi_periph/s00_couplers/auto_pc/inst/gen_axilite.gen_b2s_conv.axilite_b2s/SI_REG/b_pipe/p_1_in                                               |                                                                                                                                           |                2 |             14 |
|  ug1165_bd_i/processing_system7_0/inst/FCLK_CLK0 | ug1165_bd_i/ps7_0_axi_periph/s00_couplers/auto_pc/inst/gen_axilite.gen_b2s_conv.axilite_b2s/SI_REG/b_pipe/skid_buffer_reg[0]_0                                 |                                                                                                                                           |                2 |             14 |
|  ug1165_bd_i/processing_system7_0/inst/FCLK_CLK0 | ug1165_bd_i/ps7_0_axi_periph/s00_couplers/auto_pc/inst/gen_axilite.gen_b2s_conv.axilite_b2s/RD.ar_channel_0/ar_cmd_fsm_0/axlen_cnt_reg[3][0]                   |                                                                                                                                           |                6 |             16 |
|  ug1165_bd_i/processing_system7_0/inst/FCLK_CLK0 | ug1165_bd_i/ps7_0_axi_periph/s00_couplers/auto_pc/inst/gen_axilite.gen_b2s_conv.axilite_b2s/WR.aw_channel_0/aw_cmd_fsm_0/b_push                                |                                                                                                                                           |                3 |             16 |
|  ug1165_bd_i/processing_system7_0/inst/FCLK_CLK0 | ug1165_bd_i/ps7_0_axi_periph/s00_couplers/auto_pc/inst/gen_axilite.gen_b2s_conv.axilite_b2s/WR.aw_channel_0/aw_cmd_fsm_0/E[0]                                  |                                                                                                                                           |                5 |             16 |
|  ug1165_bd_i/processing_system7_0/inst/FCLK_CLK0 | ug1165_bd_i/ps7_0_axi_periph/xbar/inst/gen_sasd.crossbar_sasd_0/addr_arbiter_inst/p_0_in1_in                                                                   | ug1165_bd_i/ps7_0_axi_periph/xbar/inst/gen_sasd.crossbar_sasd_0/addr_arbiter_inst/SR[0]                                                   |                6 |             19 |
|  ug1165_bd_i/processing_system7_0/inst/FCLK_CLK0 | ug1165_bd_i/Blink_0/inst/Blink_v1_0_S00_AXI_inst/count                                                                                                         | ug1165_bd_i/Blink_0/inst/Blink_v1_0_S00_AXI_inst/clear                                                                                    |                7 |             28 |
|  ug1165_bd_i/processing_system7_0/inst/FCLK_CLK0 | ug1165_bd_i/Blink_0/inst/Blink_v1_0_S00_AXI_inst/slv_reg_rden__0                                                                                               | ug1165_bd_i/Blink_0/inst/Blink_v1_0_S00_AXI_inst/clear                                                                                    |               10 |             32 |
|  ug1165_bd_i/processing_system7_0/inst/FCLK_CLK0 | ug1165_bd_i/ps7_0_axi_periph/xbar/inst/gen_sasd.crossbar_sasd_0/reg_slice_r/aa_rready                                                                          |                                                                                                                                           |               10 |             32 |
|  ug1165_bd_i/processing_system7_0/inst/FCLK_CLK0 | ug1165_bd_i/ps7_0_axi_periph/s00_couplers/auto_pc/inst/gen_axilite.gen_b2s_conv.axilite_b2s/RD.r_channel_0/rd_data_fifo_0/wr_en0                               |                                                                                                                                           |                9 |             34 |
|  ug1165_bd_i/processing_system7_0/inst/FCLK_CLK0 | ug1165_bd_i/ps7_0_axi_periph/xbar/inst/gen_sasd.crossbar_sasd_0/addr_arbiter_inst/E[0]                                                                         |                                                                                                                                           |               10 |             35 |
|  ug1165_bd_i/processing_system7_0/inst/FCLK_CLK0 | ug1165_bd_i/ps7_0_axi_periph/s00_couplers/auto_pc/inst/gen_axilite.gen_b2s_conv.axilite_b2s/RD.ar_channel_0/ar_cmd_fsm_0/m_payload_i_reg[0]_1[0]               |                                                                                                                                           |                8 |             44 |
|  ug1165_bd_i/processing_system7_0/inst/FCLK_CLK0 | ug1165_bd_i/ps7_0_axi_periph/s00_couplers/auto_pc/inst/gen_axilite.gen_b2s_conv.axilite_b2s/SI_REG/ar_pipe/s_axi_arready                                       |                                                                                                                                           |                8 |             44 |
|  ug1165_bd_i/processing_system7_0/inst/FCLK_CLK0 | ug1165_bd_i/ps7_0_axi_periph/s00_couplers/auto_pc/inst/gen_axilite.gen_b2s_conv.axilite_b2s/WR.aw_channel_0/aw_cmd_fsm_0/m_payload_i_reg[0][0]                 |                                                                                                                                           |                8 |             44 |
|  ug1165_bd_i/processing_system7_0/inst/FCLK_CLK0 | ug1165_bd_i/ps7_0_axi_periph/s00_couplers/auto_pc/inst/gen_axilite.gen_b2s_conv.axilite_b2s/SI_REG/aw_pipe/s_axi_awready                                       |                                                                                                                                           |                8 |             44 |
|  ug1165_bd_i/processing_system7_0/inst/FCLK_CLK0 | ug1165_bd_i/ps7_0_axi_periph/s00_couplers/auto_pc/inst/gen_axilite.gen_b2s_conv.axilite_b2s/SI_REG/r_pipe/p_1_in                                               |                                                                                                                                           |                7 |             47 |
|  ug1165_bd_i/processing_system7_0/inst/FCLK_CLK0 | ug1165_bd_i/ps7_0_axi_periph/s00_couplers/auto_pc/inst/gen_axilite.gen_b2s_conv.axilite_b2s/SI_REG/r_pipe/skid_buffer_reg[0]_0                                 |                                                                                                                                           |                9 |             47 |
|  ug1165_bd_i/processing_system7_0/inst/FCLK_CLK0 |                                                                                                                                                                | ug1165_bd_i/Blink_0/inst/Blink_v1_0_S_AXI_INTR_inst/axi_awready_i_1__0_n_0                                                                |               15 |             48 |
|  ug1165_bd_i/processing_system7_0/inst/FCLK_CLK0 |                                                                                                                                                                | ug1165_bd_i/ps7_0_axi_periph/s00_couplers/auto_pc/inst/gen_axilite.gen_b2s_conv.axilite_b2s/areset_d1                                     |               15 |             57 |
|  ug1165_bd_i/processing_system7_0/inst/FCLK_CLK0 |                                                                                                                                                                |                                                                                                                                           |               42 |            127 |
+--------------------------------------------------+----------------------------------------------------------------------------------------------------------------------------------------------------------------+-------------------------------------------------------------------------------------------------------------------------------------------+------------------+----------------+


+--------+-----------------------+
| Fanout | Number of ControlSets |
+--------+-----------------------+
| 2      |                     1 |
| 4      |                     5 |
| 5      |                     1 |
| 6      |                     1 |
| 8      |                    21 |
| 9      |                     1 |
| 11     |                     1 |
| 13     |                     1 |
| 14     |                     2 |
| 16+    |                    18 |
+--------+-----------------------+


